WARNING: CPU governor is 'powersave', not 'performance': timings are noisier. Fix: sudo cpupower frequency-set -g performance
WARNING: Turbo boost enabled: single-thread timings drift with temperature. Fix: echo 1 | sudo tee /sys/devices/system/cpu/intel_pstate/no_turbo
WARNING: 1-min load average 1.62 > 1.0: other processes were competing for CPU.
run 20260904-143453: tasks=['symmetry', 'kpath', 'eos', 'bandgap', 'inputgen'] tools=['olla-dft', 'ase', 'pymatgen', 'qeschema', 'seekpath'] reps=15 cpu=0 isolate=False
  symmetry  Si_relajado.cif   olla-dft  warm  wall=1.129s rss=97MB ok
  symmetry  Si_relajado.cif   ase       warm  wall=0.365s rss=80MB ok
  symmetry  Si_relajado.cif   pymatgen  warm  wall=0.369s rss=77MB ok
  symmetry  Si_relajado.cif   ase       rep0  wall=0.363s rss=80MB ok
  symmetry  Si_relajado.cif   pymatgen  rep0  wall=0.329s rss=77MB ok
  symmetry  Si_relajado.cif   olla-dft  rep0  wall=0.486s rss=97MB ok
  symmetry  Si_relajado.cif   olla-dft  rep1  wall=0.482s rss=97MB ok
  symmetry  Si_relajado.cif   pymatgen  rep1  wall=0.344s rss=78MB ok
  symmetry  Si_relajado.cif   ase       rep1  wall=0.362s rss=81MB ok
  symmetry  Si_relajado.cif   ase       rep2  wall=0.371s rss=81MB ok
  symmetry  Si_relajado.cif   olla-dft  rep2  wall=0.493s rss=97MB ok
  symmetry  Si_relajado.cif   pymatgen  rep2  wall=0.334s rss=78MB ok
  symmetry  Si_relajado.cif   pymatgen  rep3  wall=0.329s rss=78MB ok
  symmetry  Si_relajado.cif   ase       rep3  wall=0.360s rss=80MB ok
  symmetry  Si_relajado.cif   olla-dft  rep3  wall=0.515s rss=97MB ok
  symmetry  Si_relajado.cif   ase       rep4  wall=0.373s rss=80MB ok
  symmetry  Si_relajado.cif   pymatgen  rep4  wall=0.346s rss=77MB ok
  symmetry  Si_relajado.cif   olla-dft  rep4  wall=0.487s rss=97MB ok
  symmetry  Si_relajado.cif   olla-dft  rep5  wall=0.486s rss=97MB ok
  symmetry  Si_relajado.cif   pymatgen  rep5  wall=0.341s rss=78MB ok
  symmetry  Si_relajado.cif   ase       rep5  wall=0.386s rss=80MB ok
  symmetry  Si_relajado.cif   olla-dft  rep6  wall=0.490s rss=97MB ok
  symmetry  Si_relajado.cif   ase       rep6  wall=0.376s rss=80MB ok
  symmetry  Si_relajado.cif   pymatgen  rep6  wall=0.327s rss=78MB ok
  symmetry  Si_relajado.cif   olla-dft  rep7  wall=0.479s rss=97MB ok
  symmetry  Si_relajado.cif   ase       rep7  wall=0.359s rss=80MB ok
  symmetry  Si_relajado.cif   pymatgen  rep7  wall=0.336s rss=78MB ok
  symmetry  Si_relajado.cif   pymatgen  rep8  wall=0.329s rss=77MB ok
  symmetry  Si_relajado.cif   ase       rep8  wall=0.358s rss=80MB ok
  symmetry  Si_relajado.cif   olla-dft  rep8  wall=0.484s rss=97MB ok
  symmetry  Si_relajado.cif   ase       rep9  wall=0.364s rss=80MB ok
  symmetry  Si_relajado.cif   pymatgen  rep9  wall=0.384s rss=78MB ok
  symmetry  Si_relajado.cif   olla-dft  rep9  wall=0.490s rss=97MB ok
  symmetry  Si_relajado.cif   pymatgen  rep10 wall=0.331s rss=78MB ok
  symmetry  Si_relajado.cif   ase       rep10 wall=0.373s rss=80MB ok
  symmetry  Si_relajado.cif   olla-dft  rep10 wall=0.501s rss=97MB ok
  symmetry  Si_relajado.cif   olla-dft  rep11 wall=0.628s rss=97MB ok
  symmetry  Si_relajado.cif   pymatgen  rep11 wall=0.457s rss=78MB ok
  symmetry  Si_relajado.cif   ase       rep11 wall=0.492s rss=80MB ok
  symmetry  Si_relajado.cif   ase       rep12 wall=0.542s rss=80MB ok
  symmetry  Si_relajado.cif   olla-dft  rep12 wall=0.685s rss=97MB ok
  symmetry  Si_relajado.cif   pymatgen  rep12 wall=0.453s rss=77MB ok
  symmetry  Si_relajado.cif   pymatgen  rep13 wall=0.459s rss=77MB ok
  symmetry  Si_relajado.cif   ase       rep13 wall=0.501s rss=80MB ok
  symmetry  Si_relajado.cif   olla-dft  rep13 wall=0.668s rss=97MB ok
  symmetry  Si_relajado.cif   pymatgen  rep14 wall=0.459s rss=77MB ok
  symmetry  Si_relajado.cif   olla-dft  rep14 wall=0.710s rss=97MB ok
  symmetry  Si_relajado.cif   ase       rep14 wall=0.547s rss=80MB ok
  symmetry  ZnO.cif           olla-dft  warm  wall=0.657s rss=97MB ok
  symmetry  ZnO.cif           ase       warm  wall=0.507s rss=80MB ok
  symmetry  ZnO.cif           pymatgen  warm  wall=0.461s rss=78MB ok
  symmetry  ZnO.cif           pymatgen  rep0  wall=0.457s rss=77MB ok
  symmetry  ZnO.cif           ase       rep0  wall=0.495s rss=80MB ok
  symmetry  ZnO.cif           olla-dft  rep0  wall=0.654s rss=97MB ok
  symmetry  ZnO.cif           olla-dft  rep1  wall=0.631s rss=97MB ok
  symmetry  ZnO.cif           ase       rep1  wall=0.477s rss=80MB ok
  symmetry  ZnO.cif           pymatgen  rep1  wall=0.455s rss=78MB ok
  symmetry  ZnO.cif           pymatgen  rep2  wall=0.496s rss=77MB ok
  symmetry  ZnO.cif           olla-dft  rep2  wall=0.708s rss=97MB ok
  symmetry  ZnO.cif           ase       rep2  wall=0.513s rss=80MB ok
  symmetry  ZnO.cif           pymatgen  rep3  wall=0.458s rss=77MB ok
  symmetry  ZnO.cif           ase       rep3  wall=0.544s rss=80MB ok
  symmetry  ZnO.cif           olla-dft  rep3  wall=0.652s rss=97MB ok
  symmetry  ZnO.cif           olla-dft  rep4  wall=0.663s rss=97MB ok
  symmetry  ZnO.cif           ase       rep4  wall=0.506s rss=80MB ok
  symmetry  ZnO.cif           pymatgen  rep4  wall=0.488s rss=78MB ok
  symmetry  ZnO.cif           pymatgen  rep5  wall=0.463s rss=77MB ok
  symmetry  ZnO.cif           ase       rep5  wall=0.548s rss=80MB ok
  symmetry  ZnO.cif           olla-dft  rep5  wall=0.769s rss=97MB ok
  symmetry  ZnO.cif           pymatgen  rep6  wall=0.509s rss=78MB ok
  symmetry  ZnO.cif           ase       rep6  wall=0.532s rss=80MB ok
  symmetry  ZnO.cif           olla-dft  rep6  wall=0.752s rss=97MB ok
  symmetry  ZnO.cif           ase       rep7  wall=0.499s rss=80MB ok
  symmetry  ZnO.cif           olla-dft  rep7  wall=0.642s rss=97MB ok
  symmetry  ZnO.cif           pymatgen  rep7  wall=0.418s rss=78MB ok
  symmetry  ZnO.cif           ase       rep8  wall=0.457s rss=81MB ok
  symmetry  ZnO.cif           olla-dft  rep8  wall=0.570s rss=97MB ok
  symmetry  ZnO.cif           pymatgen  rep8  wall=0.397s rss=77MB ok
  symmetry  ZnO.cif           olla-dft  rep9  wall=0.545s rss=97MB ok
  symmetry  ZnO.cif           pymatgen  rep9  wall=0.368s rss=77MB ok
  symmetry  ZnO.cif           ase       rep9  wall=0.431s rss=81MB ok
  symmetry  ZnO.cif           pymatgen  rep10 wall=0.456s rss=77MB ok
  symmetry  ZnO.cif           olla-dft  rep10 wall=0.564s rss=97MB ok
  symmetry  ZnO.cif           ase       rep10 wall=0.449s rss=80MB ok
  symmetry  ZnO.cif           pymatgen  rep11 wall=0.503s rss=77MB ok
  symmetry  ZnO.cif           olla-dft  rep11 wall=0.650s rss=97MB ok
  symmetry  ZnO.cif           ase       rep11 wall=0.521s rss=80MB ok
  symmetry  ZnO.cif           pymatgen  rep12 wall=0.456s rss=78MB ok
  symmetry  ZnO.cif           ase       rep12 wall=0.473s rss=80MB ok
  symmetry  ZnO.cif           olla-dft  rep12 wall=0.588s rss=97MB ok
  symmetry  ZnO.cif           olla-dft  rep13 wall=0.602s rss=97MB ok
  symmetry  ZnO.cif           pymatgen  rep13 wall=0.375s rss=78MB ok
  symmetry  ZnO.cif           ase       rep13 wall=0.531s rss=81MB ok
  symmetry  ZnO.cif           olla-dft  rep14 wall=0.699s rss=97MB ok
  symmetry  ZnO.cif           pymatgen  rep14 wall=0.459s rss=78MB ok
  symmetry  ZnO.cif           ase       rep14 wall=0.484s rss=81MB ok
  symmetry  grafito.cif       olla-dft  warm  wall=0.566s rss=97MB ok
  symmetry  grafito.cif       ase       warm  wall=0.441s rss=81MB ok
  symmetry  grafito.cif       pymatgen  warm  wall=0.588s rss=78MB ok
  symmetry  grafito.cif       ase       rep0  wall=0.493s rss=80MB ok
  symmetry  grafito.cif       olla-dft  rep0  wall=0.553s rss=97MB ok
  symmetry  grafito.cif       pymatgen  rep0  wall=0.374s rss=77MB ok
  symmetry  grafito.cif       pymatgen  rep1  wall=0.377s rss=77MB ok
  symmetry  grafito.cif       olla-dft  rep1  wall=0.568s rss=97MB ok
  symmetry  grafito.cif       ase       rep1  wall=0.412s rss=80MB ok
  symmetry  grafito.cif       pymatgen  rep2  wall=0.379s rss=77MB ok
  symmetry  grafito.cif       ase       rep2  wall=0.422s rss=81MB ok
  symmetry  grafito.cif       olla-dft  rep2  wall=0.549s rss=97MB ok
  symmetry  grafito.cif       olla-dft  rep3  wall=0.562s rss=97MB ok
  symmetry  grafito.cif       ase       rep3  wall=0.425s rss=81MB ok
  symmetry  grafito.cif       pymatgen  rep3  wall=0.798s rss=77MB ok
  symmetry  grafito.cif       pymatgen  rep4  wall=1.562s rss=78MB ok
  symmetry  grafito.cif       olla-dft  rep4  wall=3.700s rss=97MB ok
  symmetry  grafito.cif       ase       rep4  wall=1.142s rss=80MB ok
  symmetry  grafito.cif       pymatgen  rep5  wall=0.933s rss=78MB ok
  symmetry  grafito.cif       olla-dft  rep5  wall=1.193s rss=97MB ok
  symmetry  grafito.cif       ase       rep5  wall=1.329s rss=80MB ok
  symmetry  grafito.cif       pymatgen  rep6  wall=1.558s rss=78MB ok
  symmetry  grafito.cif       olla-dft  rep6  wall=2.056s rss=97MB ok
  symmetry  grafito.cif       ase       rep6  wall=1.497s rss=80MB ok
  symmetry  grafito.cif       ase       rep7  wall=0.778s rss=80MB ok
  symmetry  grafito.cif       olla-dft  rep7  wall=0.891s rss=97MB ok
  symmetry  grafito.cif       pymatgen  rep7  wall=0.690s rss=77MB ok
  symmetry  grafito.cif       pymatgen  rep8  wall=0.988s rss=78MB ok
  symmetry  grafito.cif       ase       rep8  wall=1.652s rss=81MB ok
  symmetry  grafito.cif       olla-dft  rep8  wall=2.067s rss=97MB ok
  symmetry  grafito.cif       olla-dft  rep9  wall=3.543s rss=97MB ok
  symmetry  grafito.cif       pymatgen  rep9  wall=4.330s rss=78MB ok
  symmetry  grafito.cif       ase       rep9  wall=3.773s rss=80MB ok
  symmetry  grafito.cif       ase       rep10 wall=2.801s rss=80MB ok
  symmetry  grafito.cif       pymatgen  rep10 wall=2.549s rss=78MB ok
  symmetry  grafito.cif       olla-dft  rep10 wall=5.488s rss=97MB ok
  symmetry  grafito.cif       ase       rep11 wall=2.134s rss=80MB ok
  symmetry  grafito.cif       olla-dft  rep11 wall=2.459s rss=97MB ok
  symmetry  grafito.cif       pymatgen  rep11 wall=3.825s rss=78MB ok
  symmetry  grafito.cif       ase       rep12 wall=3.323s rss=80MB ok
  symmetry  grafito.cif       pymatgen  rep12 wall=2.862s rss=78MB ok
  symmetry  grafito.cif       olla-dft  rep12 wall=4.499s rss=97MB ok
  symmetry  grafito.cif       pymatgen  rep13 wall=1.450s rss=78MB ok
  symmetry  grafito.cif       ase       rep13 wall=1.619s rss=80MB ok
  symmetry  grafito.cif       olla-dft  rep13 wall=1.994s rss=97MB ok
  symmetry  grafito.cif       pymatgen  rep14 wall=0.652s rss=78MB ok
  symmetry  grafito.cif       olla-dft  rep14 wall=0.879s rss=97MB ok
  symmetry  grafito.cif       ase       rep14 wall=0.804s rss=80MB ok
  symmetry  hbn.cif           olla-dft  warm  wall=1.101s rss=97MB ok
  symmetry  hbn.cif           ase       warm  wall=0.633s rss=81MB ok
  symmetry  hbn.cif           pymatgen  warm  wall=1.069s rss=77MB ok
  symmetry  hbn.cif           olla-dft  rep0  wall=1.991s rss=97MB ok
  symmetry  hbn.cif           ase       rep0  wall=0.605s rss=80MB ok
  symmetry  hbn.cif           pymatgen  rep0  wall=0.533s rss=77MB ok
  symmetry  hbn.cif           olla-dft  rep1  wall=0.951s rss=97MB ok
  symmetry  hbn.cif           pymatgen  rep1  wall=0.516s rss=78MB ok
  symmetry  hbn.cif           ase       rep1  wall=0.504s rss=80MB ok
  symmetry  hbn.cif           ase       rep2  wall=0.500s rss=80MB ok
  symmetry  hbn.cif           olla-dft  rep2  wall=1.899s rss=97MB ok
  symmetry  hbn.cif           pymatgen  rep2  wall=1.118s rss=78MB ok
  symmetry  hbn.cif           olla-dft  rep3  wall=2.147s rss=97MB ok
  symmetry  hbn.cif           pymatgen  rep3  wall=0.604s rss=78MB ok
  symmetry  hbn.cif           ase       rep3  wall=0.565s rss=80MB ok
  symmetry  hbn.cif           pymatgen  rep4  wall=0.476s rss=77MB ok
  symmetry  hbn.cif           ase       rep4  wall=0.544s rss=80MB ok
  symmetry  hbn.cif           olla-dft  rep4  wall=0.743s rss=97MB ok
  symmetry  hbn.cif           ase       rep5  wall=0.521s rss=80MB ok
  symmetry  hbn.cif           olla-dft  rep5  wall=0.688s rss=97MB ok
  symmetry  hbn.cif           pymatgen  rep5  wall=0.456s rss=78MB ok
  symmetry  hbn.cif           ase       rep6  wall=0.643s rss=80MB ok
  symmetry  hbn.cif           olla-dft  rep6  wall=0.982s rss=97MB ok
  symmetry  hbn.cif           pymatgen  rep6  wall=0.677s rss=77MB ok
  symmetry  hbn.cif           pymatgen  rep7  wall=0.517s rss=78MB ok
  symmetry  hbn.cif           ase       rep7  wall=0.632s rss=81MB ok
  symmetry  hbn.cif           olla-dft  rep7  wall=0.821s rss=97MB ok
  symmetry  hbn.cif           ase       rep8  wall=0.550s rss=80MB ok
  symmetry  hbn.cif           pymatgen  rep8  wall=0.449s rss=78MB ok
  symmetry  hbn.cif           olla-dft  rep8  wall=0.723s rss=97MB ok
  symmetry  hbn.cif           ase       rep9  wall=0.699s rss=81MB ok
  symmetry  hbn.cif           olla-dft  rep9  wall=1.095s rss=97MB ok
  symmetry  hbn.cif           pymatgen  rep9  wall=0.999s rss=78MB ok
  symmetry  hbn.cif           ase       rep10 wall=1.106s rss=81MB ok
  symmetry  hbn.cif           pymatgen  rep10 wall=0.754s rss=77MB ok
  symmetry  hbn.cif           olla-dft  rep10 wall=1.132s rss=97MB ok
  symmetry  hbn.cif           olla-dft  rep11 wall=1.311s rss=97MB ok
  symmetry  hbn.cif           ase       rep11 wall=0.594s rss=80MB ok
  symmetry  hbn.cif           pymatgen  rep11 wall=0.549s rss=78MB ok
  symmetry  hbn.cif           pymatgen  rep12 wall=0.612s rss=77MB ok
  symmetry  hbn.cif           olla-dft  rep12 wall=1.099s rss=97MB ok
  symmetry  hbn.cif           ase       rep12 wall=0.743s rss=80MB ok
  symmetry  hbn.cif           ase       rep13 wall=0.799s rss=80MB ok
  symmetry  hbn.cif           olla-dft  rep13 wall=1.726s rss=97MB ok
  symmetry  hbn.cif           pymatgen  rep13 wall=0.624s rss=78MB ok
  symmetry  hbn.cif           pymatgen  rep14 wall=0.509s rss=78MB ok
  symmetry  hbn.cif           olla-dft  rep14 wall=0.775s rss=97MB ok
  symmetry  hbn.cif           ase       rep14 wall=0.850s rss=80MB ok
  symmetry  POSCAR_NaCl       olla-dft  warm  wall=1.194s rss=97MB ok
  symmetry  POSCAR_NaCl       ase       warm  wall=2.120s rss=80MB ok
  symmetry  POSCAR_NaCl       pymatgen  warm  wall=2.655s rss=120MB ok
  symmetry  POSCAR_NaCl       pymatgen  rep0  wall=1.810s rss=120MB ok
  symmetry  POSCAR_NaCl       ase       rep0  wall=0.809s rss=80MB ok
  symmetry  POSCAR_NaCl       olla-dft  rep0  wall=1.340s rss=97MB ok
  symmetry  POSCAR_NaCl       ase       rep1  wall=0.751s rss=80MB ok
  symmetry  POSCAR_NaCl       pymatgen  rep1  wall=1.827s rss=120MB ok
  symmetry  POSCAR_NaCl       olla-dft  rep1  wall=0.840s rss=97MB ok
  symmetry  POSCAR_NaCl       olla-dft  rep2  wall=1.210s rss=97MB ok
  symmetry  POSCAR_NaCl       ase       rep2  wall=1.111s rss=80MB ok
  symmetry  POSCAR_NaCl       pymatgen  rep2  wall=1.698s rss=120MB ok
  symmetry  POSCAR_NaCl       pymatgen  rep3  wall=1.246s rss=120MB ok
  symmetry  POSCAR_NaCl       ase       rep3  wall=0.699s rss=80MB ok
  symmetry  POSCAR_NaCl       olla-dft  rep3  wall=0.894s rss=97MB ok
  symmetry  POSCAR_NaCl       pymatgen  rep4  wall=1.201s rss=120MB ok
  symmetry  POSCAR_NaCl       olla-dft  rep4  wall=0.778s rss=97MB ok
  symmetry  POSCAR_NaCl       ase       rep4  wall=0.559s rss=80MB ok
  symmetry  POSCAR_NaCl       pymatgen  rep5  wall=1.317s rss=120MB ok
  symmetry  POSCAR_NaCl       ase       rep5  wall=0.568s rss=80MB ok
  symmetry  POSCAR_NaCl       olla-dft  rep5  wall=0.796s rss=97MB ok
  symmetry  POSCAR_NaCl       pymatgen  rep6  wall=1.075s rss=120MB ok
  symmetry  POSCAR_NaCl       olla-dft  rep6  wall=0.703s rss=97MB ok
  symmetry  POSCAR_NaCl       ase       rep6  wall=0.530s rss=80MB ok
  symmetry  POSCAR_NaCl       olla-dft  rep7  wall=0.601s rss=97MB ok
  symmetry  POSCAR_NaCl       ase       rep7  wall=0.546s rss=80MB ok
  symmetry  POSCAR_NaCl       pymatgen  rep7  wall=1.231s rss=120MB ok
  symmetry  POSCAR_NaCl       ase       rep8  wall=0.542s rss=80MB ok
  symmetry  POSCAR_NaCl       olla-dft  rep8  wall=0.667s rss=97MB ok
  symmetry  POSCAR_NaCl       pymatgen  rep8  wall=1.068s rss=120MB ok
  symmetry  POSCAR_NaCl       olla-dft  rep9  wall=0.758s rss=97MB ok
  symmetry  POSCAR_NaCl       ase       rep9  wall=0.623s rss=80MB ok
  symmetry  POSCAR_NaCl       pymatgen  rep9  wall=1.854s rss=120MB ok
  symmetry  POSCAR_NaCl       olla-dft  rep10 wall=0.732s rss=97MB ok
  symmetry  POSCAR_NaCl       ase       rep10 wall=0.515s rss=80MB ok
  symmetry  POSCAR_NaCl       pymatgen  rep10 wall=0.946s rss=120MB ok
  symmetry  POSCAR_NaCl       ase       rep11 wall=0.520s rss=80MB ok
  symmetry  POSCAR_NaCl       pymatgen  rep11 wall=1.138s rss=120MB ok
  symmetry  POSCAR_NaCl       olla-dft  rep11 wall=1.096s rss=97MB ok
  symmetry  POSCAR_NaCl       olla-dft  rep12 wall=0.760s rss=97MB ok
  symmetry  POSCAR_NaCl       ase       rep12 wall=0.568s rss=80MB ok
  symmetry  POSCAR_NaCl       pymatgen  rep12 wall=1.081s rss=120MB ok
  symmetry  POSCAR_NaCl       olla-dft  rep13 wall=0.781s rss=97MB ok
  symmetry  POSCAR_NaCl       ase       rep13 wall=0.561s rss=80MB ok
  symmetry  POSCAR_NaCl       pymatgen  rep13 wall=1.251s rss=120MB ok
  symmetry  POSCAR_NaCl       olla-dft  rep14 wall=0.816s rss=97MB ok
  symmetry  POSCAR_NaCl       ase       rep14 wall=0.594s rss=80MB ok
  symmetry  POSCAR_NaCl       pymatgen  rep14 wall=1.216s rss=120MB ok
  kpath     Si_relajado.cif   olla-dft  warm  wall=0.854s rss=97MB ok
  kpath     Si_relajado.cif   seekpath  warm  wall=0.502s rss=81MB ok
  kpath     Si_relajado.cif   ase       warm  wall=0.498s rss=82MB MISMATCH
  kpath     Si_relajado.cif   pymatgen  warm  wall=0.679s rss=88MB MISMATCH
  kpath     Si_relajado.cif   olla-dft  rep0  wall=1.197s rss=97MB ok
  kpath     Si_relajado.cif   seekpath  rep0  wall=0.822s rss=81MB ok
  kpath     Si_relajado.cif   ase       rep0  wall=0.588s rss=81MB MISMATCH
  kpath     Si_relajado.cif   pymatgen  rep0  wall=0.700s rss=88MB MISMATCH
  kpath     Si_relajado.cif   pymatgen  rep1  wall=0.862s rss=89MB MISMATCH
  kpath     Si_relajado.cif   olla-dft  rep1  wall=0.670s rss=97MB ok
  kpath     Si_relajado.cif   ase       rep1  wall=0.459s rss=82MB MISMATCH
  kpath     Si_relajado.cif   seekpath  rep1  wall=0.545s rss=81MB ok
  kpath     Si_relajado.cif   pymatgen  rep2  wall=0.578s rss=89MB MISMATCH
  kpath     Si_relajado.cif   olla-dft  rep2  wall=0.858s rss=97MB ok
  kpath     Si_relajado.cif   ase       rep2  wall=0.603s rss=82MB MISMATCH
  kpath     Si_relajado.cif   seekpath  rep2  wall=0.535s rss=81MB ok
  kpath     Si_relajado.cif   olla-dft  rep3  wall=0.660s rss=97MB ok
  kpath     Si_relajado.cif   seekpath  rep3  wall=0.492s rss=81MB ok
  kpath     Si_relajado.cif   pymatgen  rep3  wall=0.572s rss=89MB MISMATCH
  kpath     Si_relajado.cif   ase       rep3  wall=0.478s rss=81MB MISMATCH
  kpath     Si_relajado.cif   ase       rep4  wall=0.485s rss=82MB MISMATCH
  kpath     Si_relajado.cif   pymatgen  rep4  wall=0.741s rss=89MB MISMATCH
  kpath     Si_relajado.cif   seekpath  rep4  wall=0.787s rss=81MB ok
  kpath     Si_relajado.cif   olla-dft  rep4  wall=0.825s rss=97MB ok
  kpath     Si_relajado.cif   ase       rep5  wall=0.538s rss=82MB MISMATCH
  kpath     Si_relajado.cif   seekpath  rep5  wall=0.523s rss=81MB ok
  kpath     Si_relajado.cif   pymatgen  rep5  wall=0.626s rss=89MB MISMATCH
  kpath     Si_relajado.cif   olla-dft  rep5  wall=0.734s rss=97MB ok
  kpath     Si_relajado.cif   ase       rep6  wall=0.756s rss=82MB MISMATCH
  kpath     Si_relajado.cif   olla-dft  rep6  wall=1.061s rss=97MB ok
  kpath     Si_relajado.cif   pymatgen  rep6  wall=0.833s rss=89MB MISMATCH
  kpath     Si_relajado.cif   seekpath  rep6  wall=0.618s rss=81MB ok
  kpath     Si_relajado.cif   ase       rep7  wall=0.522s rss=82MB MISMATCH
  kpath     Si_relajado.cif   olla-dft  rep7  wall=0.700s rss=97MB ok
  kpath     Si_relajado.cif   seekpath  rep7  wall=0.516s rss=81MB ok
  kpath     Si_relajado.cif   pymatgen  rep7  wall=0.566s rss=88MB MISMATCH
  kpath     Si_relajado.cif   olla-dft  rep8  wall=0.624s rss=97MB ok
  kpath     Si_relajado.cif   ase       rep8  wall=0.455s rss=82MB MISMATCH
  kpath     Si_relajado.cif   seekpath  rep8  wall=0.490s rss=81MB ok
  kpath     Si_relajado.cif   pymatgen  rep8  wall=0.694s rss=89MB MISMATCH
  kpath     Si_relajado.cif   olla-dft  rep9  wall=0.795s rss=97MB ok
  kpath     Si_relajado.cif   ase       rep9  wall=0.470s rss=82MB MISMATCH
  kpath     Si_relajado.cif   pymatgen  rep9  wall=0.539s rss=89MB MISMATCH
  kpath     Si_relajado.cif   seekpath  rep9  wall=0.450s rss=81MB ok
  kpath     Si_relajado.cif   ase       rep10 wall=0.482s rss=82MB MISMATCH
  kpath     Si_relajado.cif   seekpath  rep10 wall=0.496s rss=81MB ok
  kpath     Si_relajado.cif   olla-dft  rep10 wall=0.635s rss=97MB ok
  kpath     Si_relajado.cif   pymatgen  rep10 wall=0.650s rss=88MB MISMATCH
  kpath     Si_relajado.cif   ase       rep11 wall=0.518s rss=82MB MISMATCH
  kpath     Si_relajado.cif   seekpath  rep11 wall=0.753s rss=81MB ok
  kpath     Si_relajado.cif   olla-dft  rep11 wall=0.850s rss=97MB ok
  kpath     Si_relajado.cif   pymatgen  rep11 wall=0.617s rss=88MB MISMATCH
  kpath     Si_relajado.cif   seekpath  rep12 wall=0.469s rss=81MB ok
  kpath     Si_relajado.cif   ase       rep12 wall=0.546s rss=82MB MISMATCH
  kpath     Si_relajado.cif   pymatgen  rep12 wall=0.622s rss=89MB MISMATCH
  kpath     Si_relajado.cif   olla-dft  rep12 wall=0.692s rss=97MB ok
  kpath     Si_relajado.cif   ase       rep13 wall=0.530s rss=82MB MISMATCH
  kpath     Si_relajado.cif   seekpath  rep13 wall=0.544s rss=81MB ok
  kpath     Si_relajado.cif   olla-dft  rep13 wall=0.746s rss=97MB ok
  kpath     Si_relajado.cif   pymatgen  rep13 wall=0.574s rss=89MB MISMATCH
  kpath     Si_relajado.cif   olla-dft  rep14 wall=0.617s rss=97MB ok
  kpath     Si_relajado.cif   seekpath  rep14 wall=0.456s rss=81MB ok
  kpath     Si_relajado.cif   pymatgen  rep14 wall=0.528s rss=88MB MISMATCH
  kpath     Si_relajado.cif   ase       rep14 wall=0.453s rss=82MB MISMATCH
  kpath     ZnO.cif           olla-dft  warm  wall=0.701s rss=97MB ok
  kpath     ZnO.cif           seekpath  warm  wall=0.479s rss=81MB ok
  kpath     ZnO.cif           ase       warm  wall=0.445s rss=82MB ok
  kpath     ZnO.cif           pymatgen  warm  wall=0.559s rss=88MB ok
  kpath     ZnO.cif           seekpath  rep0  wall=0.565s rss=81MB ok
  kpath     ZnO.cif           pymatgen  rep0  wall=0.593s rss=89MB ok
  kpath     ZnO.cif           ase       rep0  wall=0.543s rss=82MB ok
  kpath     ZnO.cif           olla-dft  rep0  wall=0.767s rss=97MB ok
  kpath     ZnO.cif           olla-dft  rep1  wall=0.680s rss=97MB ok
  kpath     ZnO.cif           ase       rep1  wall=0.514s rss=82MB ok
  kpath     ZnO.cif           pymatgen  rep1  wall=0.639s rss=88MB ok
  kpath     ZnO.cif           seekpath  rep1  wall=0.593s rss=81MB ok
  kpath     ZnO.cif           seekpath  rep2  wall=0.585s rss=81MB ok
  kpath     ZnO.cif           olla-dft  rep2  wall=0.676s rss=97MB ok
  kpath     ZnO.cif           ase       rep2  wall=0.505s rss=82MB ok
  kpath     ZnO.cif           pymatgen  rep2  wall=0.617s rss=89MB ok
  kpath     ZnO.cif           pymatgen  rep3  wall=0.670s rss=88MB ok
  kpath     ZnO.cif           seekpath  rep3  wall=0.716s rss=81MB ok
  kpath     ZnO.cif           ase       rep3  wall=0.581s rss=82MB ok
  kpath     ZnO.cif           olla-dft  rep3  wall=0.724s rss=97MB ok
  kpath     ZnO.cif           pymatgen  rep4  wall=0.831s rss=88MB ok
  kpath     ZnO.cif           olla-dft  rep4  wall=1.324s rss=97MB ok
  kpath     ZnO.cif           ase       rep4  wall=0.584s rss=82MB ok
  kpath     ZnO.cif           seekpath  rep4  wall=0.639s rss=81MB ok
  kpath     ZnO.cif           ase       rep5  wall=0.532s rss=82MB ok
  kpath     ZnO.cif           pymatgen  rep5  wall=0.592s rss=89MB ok
  kpath     ZnO.cif           seekpath  rep5  wall=0.573s rss=81MB ok
  kpath     ZnO.cif           olla-dft  rep5  wall=0.764s rss=97MB ok
  kpath     ZnO.cif           ase       rep6  wall=0.551s rss=82MB ok
  kpath     ZnO.cif           seekpath  rep6  wall=0.577s rss=81MB ok
  kpath     ZnO.cif           pymatgen  rep6  wall=0.568s rss=88MB ok
  kpath     ZnO.cif           olla-dft  rep6  wall=0.620s rss=97MB ok
  kpath     ZnO.cif           olla-dft  rep7  wall=0.587s rss=97MB ok
  kpath     ZnO.cif           pymatgen  rep7  wall=0.514s rss=88MB ok
  kpath     ZnO.cif           seekpath  rep7  wall=0.454s rss=81MB ok
  kpath     ZnO.cif           ase       rep7  wall=0.442s rss=82MB ok
  kpath     ZnO.cif           ase       rep8  wall=0.487s rss=82MB ok
  kpath     ZnO.cif           seekpath  rep8  wall=0.609s rss=81MB ok
  kpath     ZnO.cif           pymatgen  rep8  wall=0.607s rss=89MB ok
  kpath     ZnO.cif           olla-dft  rep8  wall=0.709s rss=97MB ok
  kpath     ZnO.cif           ase       rep9  wall=0.557s rss=82MB ok
  kpath     ZnO.cif           pymatgen  rep9  wall=0.599s rss=88MB ok
  kpath     ZnO.cif           olla-dft  rep9  wall=0.792s rss=97MB ok
  kpath     ZnO.cif           seekpath  rep9  wall=0.577s rss=81MB ok
  kpath     ZnO.cif           seekpath  rep10 wall=0.666s rss=81MB ok
  kpath     ZnO.cif           olla-dft  rep10 wall=0.889s rss=97MB ok
  kpath     ZnO.cif           pymatgen  rep10 wall=0.665s rss=89MB ok
  kpath     ZnO.cif           ase       rep10 wall=0.562s rss=82MB ok
  kpath     ZnO.cif           pymatgen  rep11 wall=0.528s rss=88MB ok
  kpath     ZnO.cif           seekpath  rep11 wall=0.458s rss=81MB ok
  kpath     ZnO.cif           olla-dft  rep11 wall=0.594s rss=97MB ok
  kpath     ZnO.cif           ase       rep11 wall=0.452s rss=82MB ok
  kpath     ZnO.cif           ase       rep12 wall=0.444s rss=82MB ok
  kpath     ZnO.cif           pymatgen  rep12 wall=0.493s rss=89MB ok
  kpath     ZnO.cif           olla-dft  rep12 wall=0.582s rss=97MB ok
  kpath     ZnO.cif           seekpath  rep12 wall=0.435s rss=81MB ok
  kpath     ZnO.cif           olla-dft  rep13 wall=0.589s rss=97MB ok
  kpath     ZnO.cif           pymatgen  rep13 wall=0.564s rss=89MB ok
  kpath     ZnO.cif           seekpath  rep13 wall=0.493s rss=81MB ok
  kpath     ZnO.cif           ase       rep13 wall=0.446s rss=82MB ok
  kpath     ZnO.cif           ase       rep14 wall=0.635s rss=82MB ok
  kpath     ZnO.cif           seekpath  rep14 wall=0.555s rss=81MB ok
  kpath     ZnO.cif           olla-dft  rep14 wall=0.594s rss=97MB ok
  kpath     ZnO.cif           pymatgen  rep14 wall=0.502s rss=88MB ok
  kpath     grafito.cif       olla-dft  warm  wall=0.594s rss=97MB ok
  kpath     grafito.cif       seekpath  warm  wall=0.453s rss=81MB ok
  kpath     grafito.cif       ase       warm  wall=0.939s rss=82MB ok
  kpath     grafito.cif       pymatgen  warm  wall=0.894s rss=89MB ok
  kpath     grafito.cif       seekpath  rep0  wall=0.804s rss=81MB ok
  kpath     grafito.cif       pymatgen  rep0  wall=0.610s rss=88MB ok
  kpath     grafito.cif       olla-dft  rep0  wall=0.627s rss=97MB ok
  kpath     grafito.cif       ase       rep0  wall=0.440s rss=82MB ok
  kpath     grafito.cif       ase       rep1  wall=0.431s rss=82MB ok
  kpath     grafito.cif       seekpath  rep1  wall=0.451s rss=81MB ok
  kpath     grafito.cif       pymatgen  rep1  wall=0.499s rss=88MB ok
  kpath     grafito.cif       olla-dft  rep1  wall=0.627s rss=97MB ok
  kpath     grafito.cif       olla-dft  rep2  wall=0.718s rss=97MB ok
  kpath     grafito.cif       seekpath  rep2  wall=0.477s rss=81MB ok
  kpath     grafito.cif       ase       rep2  wall=0.441s rss=82MB ok
  kpath     grafito.cif       pymatgen  rep2  wall=0.505s rss=88MB ok
  kpath     grafito.cif       seekpath  rep3  wall=0.454s rss=81MB ok
  kpath     grafito.cif       pymatgen  rep3  wall=0.656s rss=89MB ok
  kpath     grafito.cif       olla-dft  rep3  wall=0.670s rss=97MB ok
  kpath     grafito.cif       ase       rep3  wall=0.455s rss=82MB ok
  kpath     grafito.cif       olla-dft  rep4  wall=0.614s rss=97MB ok
  kpath     grafito.cif       ase       rep4  wall=0.506s rss=82MB ok
  kpath     grafito.cif       pymatgen  rep4  wall=0.553s rss=89MB ok
  kpath     grafito.cif       seekpath  rep4  wall=0.458s rss=81MB ok
  kpath     grafito.cif       olla-dft  rep5  wall=0.591s rss=97MB ok
  kpath     grafito.cif       seekpath  rep5  wall=0.454s rss=81MB ok
  kpath     grafito.cif       ase       rep5  wall=0.446s rss=82MB ok
  kpath     grafito.cif       pymatgen  rep5  wall=0.546s rss=89MB ok
  kpath     grafito.cif       pymatgen  rep6  wall=0.655s rss=89MB ok
  kpath     grafito.cif       olla-dft  rep6  wall=1.008s rss=97MB ok
  kpath     grafito.cif       ase       rep6  wall=0.547s rss=82MB ok
  kpath     grafito.cif       seekpath  rep6  wall=0.655s rss=81MB ok
  kpath     grafito.cif       ase       rep7  wall=0.586s rss=82MB ok
  kpath     grafito.cif       olla-dft  rep7  wall=0.754s rss=97MB ok
  kpath     grafito.cif       seekpath  rep7  wall=0.481s rss=81MB ok
  kpath     grafito.cif       pymatgen  rep7  wall=0.485s rss=89MB ok
  kpath     grafito.cif       seekpath  rep8  wall=0.453s rss=81MB ok
  kpath     grafito.cif       ase       rep8  wall=0.499s rss=82MB ok
  kpath     grafito.cif       pymatgen  rep8  wall=0.562s rss=89MB ok
  kpath     grafito.cif       olla-dft  rep8  wall=0.616s rss=97MB ok
  kpath     grafito.cif       pymatgen  rep9  wall=0.570s rss=88MB ok
  kpath     grafito.cif       olla-dft  rep9  wall=0.687s rss=97MB ok
  kpath     grafito.cif       seekpath  rep9  wall=0.447s rss=81MB ok
  kpath     grafito.cif       ase       rep9  wall=0.436s rss=82MB ok
  kpath     grafito.cif       olla-dft  rep10 wall=0.559s rss=97MB ok
  kpath     grafito.cif       pymatgen  rep10 wall=0.481s rss=88MB ok
  kpath     grafito.cif       seekpath  rep10 wall=0.466s rss=81MB ok
  kpath     grafito.cif       ase       rep10 wall=0.432s rss=82MB ok
  kpath     grafito.cif       ase       rep11 wall=0.449s rss=82MB ok
  kpath     grafito.cif       pymatgen  rep11 wall=0.498s rss=89MB ok
  kpath     grafito.cif       seekpath  rep11 wall=0.443s rss=81MB ok
  kpath     grafito.cif       olla-dft  rep11 wall=0.649s rss=97MB ok
  kpath     grafito.cif       seekpath  rep12 wall=0.469s rss=81MB ok
  kpath     grafito.cif       ase       rep12 wall=0.451s rss=82MB ok
  kpath     grafito.cif       olla-dft  rep12 wall=0.612s rss=97MB ok
  kpath     grafito.cif       pymatgen  rep12 wall=0.509s rss=88MB ok
  kpath     grafito.cif       seekpath  rep13 wall=0.511s rss=81MB ok
  kpath     grafito.cif       ase       rep13 wall=0.650s rss=82MB ok
  kpath     grafito.cif       olla-dft  rep13 wall=0.760s rss=97MB ok
  kpath     grafito.cif       pymatgen  rep13 wall=1.400s rss=88MB ok
  kpath     grafito.cif       olla-dft  rep14 wall=0.902s rss=97MB ok
  kpath     grafito.cif       ase       rep14 wall=0.468s rss=82MB ok
  kpath     grafito.cif       pymatgen  rep14 wall=0.519s rss=89MB ok
  kpath     grafito.cif       seekpath  rep14 wall=0.443s rss=81MB ok
  kpath     hbn.cif           olla-dft  warm  wall=0.652s rss=97MB ok
  kpath     hbn.cif           seekpath  warm  wall=0.424s rss=81MB ok
  kpath     hbn.cif           ase       warm  wall=0.427s rss=82MB ok
  kpath     hbn.cif           pymatgen  warm  wall=0.487s rss=89MB ok
  kpath     hbn.cif           seekpath  rep0  wall=0.521s rss=81MB ok
  kpath     hbn.cif           pymatgen  rep0  wall=0.644s rss=89MB ok
  kpath     hbn.cif           ase       rep0  wall=0.458s rss=82MB ok
  kpath     hbn.cif           olla-dft  rep0  wall=0.551s rss=97MB ok
  kpath     hbn.cif           seekpath  rep1  wall=0.421s rss=81MB ok
  kpath     hbn.cif           pymatgen  rep1  wall=0.474s rss=88MB ok
  kpath     hbn.cif           olla-dft  rep1  wall=0.565s rss=97MB ok
  kpath     hbn.cif           ase       rep1  wall=0.444s rss=82MB ok
  kpath     hbn.cif           pymatgen  rep2  wall=0.465s rss=89MB ok
  kpath     hbn.cif           ase       rep2  wall=0.437s rss=82MB ok
  kpath     hbn.cif           seekpath  rep2  wall=0.444s rss=81MB ok
  kpath     hbn.cif           olla-dft  rep2  wall=0.591s rss=97MB ok
  kpath     hbn.cif           pymatgen  rep3  wall=0.597s rss=88MB ok
  kpath     hbn.cif           olla-dft  rep3  wall=0.638s rss=97MB ok
  kpath     hbn.cif           ase       rep3  wall=0.434s rss=82MB ok
  kpath     hbn.cif           seekpath  rep3  wall=0.453s rss=81MB ok
  kpath     hbn.cif           olla-dft  rep4  wall=0.547s rss=97MB ok
  kpath     hbn.cif           ase       rep4  wall=0.453s rss=82MB ok
  kpath     hbn.cif           pymatgen  rep4  wall=0.514s rss=88MB ok
  kpath     hbn.cif           seekpath  rep4  wall=0.427s rss=81MB ok
  kpath     hbn.cif           seekpath  rep5  wall=0.429s rss=81MB ok
  kpath     hbn.cif           pymatgen  rep5  wall=0.463s rss=88MB ok
  kpath     hbn.cif           olla-dft  rep5  wall=0.576s rss=97MB ok
  kpath     hbn.cif           ase       rep5  wall=0.501s rss=82MB ok
  kpath     hbn.cif           ase       rep6  wall=0.422s rss=82MB ok
  kpath     hbn.cif           olla-dft  rep6  wall=0.581s rss=97MB ok
  kpath     hbn.cif           seekpath  rep6  wall=0.428s rss=81MB ok
  kpath     hbn.cif           pymatgen  rep6  wall=0.470s rss=88MB ok
  kpath     hbn.cif           seekpath  rep7  wall=0.421s rss=81MB ok
  kpath     hbn.cif           ase       rep7  wall=0.423s rss=82MB ok
  kpath     hbn.cif           pymatgen  rep7  wall=0.459s rss=89MB ok
  kpath     hbn.cif           olla-dft  rep7  wall=0.559s rss=97MB ok
  kpath     hbn.cif           olla-dft  rep8  wall=0.551s rss=97MB ok
  kpath     hbn.cif           pymatgen  rep8  wall=0.480s rss=88MB ok
  kpath     hbn.cif           ase       rep8  wall=0.504s rss=82MB ok
  kpath     hbn.cif           seekpath  rep8  wall=0.436s rss=81MB ok
  kpath     hbn.cif           olla-dft  rep9  wall=0.556s rss=97MB ok
  kpath     hbn.cif           seekpath  rep9  wall=0.436s rss=81MB ok
  kpath     hbn.cif           pymatgen  rep9  wall=0.489s rss=89MB ok
  kpath     hbn.cif           ase       rep9  wall=0.432s rss=82MB ok
  kpath     hbn.cif           seekpath  rep10 wall=0.423s rss=81MB ok
  kpath     hbn.cif           ase       rep10 wall=0.411s rss=82MB ok
  kpath     hbn.cif           olla-dft  rep10 wall=0.562s rss=97MB ok
  kpath     hbn.cif           pymatgen  rep10 wall=0.480s rss=89MB ok
  kpath     hbn.cif           seekpath  rep11 wall=0.435s rss=81MB ok
  kpath     hbn.cif           olla-dft  rep11 wall=1.415s rss=97MB ok
  kpath     hbn.cif           pymatgen  rep11 wall=0.481s rss=89MB ok
  kpath     hbn.cif           ase       rep11 wall=0.399s rss=82MB ok
  kpath     hbn.cif           olla-dft  rep12 wall=0.556s rss=97MB ok
  kpath     hbn.cif           seekpath  rep12 wall=0.409s rss=81MB ok
  kpath     hbn.cif           pymatgen  rep12 wall=0.447s rss=89MB ok
  kpath     hbn.cif           ase       rep12 wall=0.417s rss=82MB ok
  kpath     hbn.cif           ase       rep13 wall=0.403s rss=82MB ok
  kpath     hbn.cif           pymatgen  rep13 wall=0.438s rss=89MB ok
  kpath     hbn.cif           seekpath  rep13 wall=0.408s rss=81MB ok
  kpath     hbn.cif           olla-dft  rep13 wall=0.523s rss=97MB ok
  kpath     hbn.cif           olla-dft  rep14 wall=0.525s rss=97MB ok
  kpath     hbn.cif           pymatgen  rep14 wall=0.451s rss=89MB ok
  kpath     hbn.cif           ase       rep14 wall=0.408s rss=82MB ok
  kpath     hbn.cif           seekpath  rep14 wall=0.417s rss=81MB ok
  kpath     POSCAR_NaCl       olla-dft  warm  wall=0.543s rss=97MB ok
  kpath     POSCAR_NaCl       seekpath  warm  wall=0.439s rss=80MB ok
  kpath     POSCAR_NaCl       ase       warm  wall=0.395s rss=81MB MISMATCH
  kpath     POSCAR_NaCl       pymatgen  warm  wall=0.980s rss=130MB MISMATCH
  kpath     POSCAR_NaCl       seekpath  rep0  wall=0.409s rss=80MB ok
  kpath     POSCAR_NaCl       pymatgen  rep0  wall=0.988s rss=131MB MISMATCH
  kpath     POSCAR_NaCl       olla-dft  rep0  wall=0.545s rss=97MB ok
  kpath     POSCAR_NaCl       ase       rep0  wall=0.387s rss=81MB MISMATCH
  kpath     POSCAR_NaCl       ase       rep1  wall=0.399s rss=81MB MISMATCH
  kpath     POSCAR_NaCl       seekpath  rep1  wall=0.412s rss=80MB ok
  kpath     POSCAR_NaCl       pymatgen  rep1  wall=0.977s rss=130MB MISMATCH
  kpath     POSCAR_NaCl       olla-dft  rep1  wall=0.545s rss=97MB ok
  kpath     POSCAR_NaCl       seekpath  rep2  wall=0.407s rss=80MB ok
  kpath     POSCAR_NaCl       ase       rep2  wall=0.396s rss=82MB MISMATCH
  kpath     POSCAR_NaCl       olla-dft  rep2  wall=0.535s rss=97MB ok
  kpath     POSCAR_NaCl       pymatgen  rep2  wall=1.055s rss=131MB MISMATCH
  kpath     POSCAR_NaCl       ase       rep3  wall=0.385s rss=81MB MISMATCH
  kpath     POSCAR_NaCl       seekpath  rep3  wall=0.398s rss=80MB ok
  kpath     POSCAR_NaCl       pymatgen  rep3  wall=1.029s rss=130MB MISMATCH
  kpath     POSCAR_NaCl       olla-dft  rep3  wall=0.595s rss=97MB ok
  kpath     POSCAR_NaCl       seekpath  rep4  wall=0.412s rss=81MB ok
  kpath     POSCAR_NaCl       pymatgen  rep4  wall=1.077s rss=130MB MISMATCH
  kpath     POSCAR_NaCl       ase       rep4  wall=0.397s rss=82MB MISMATCH
  kpath     POSCAR_NaCl       olla-dft  rep4  wall=0.527s rss=97MB ok
  kpath     POSCAR_NaCl       olla-dft  rep5  wall=0.545s rss=97MB ok
  kpath     POSCAR_NaCl       ase       rep5  wall=0.401s rss=81MB MISMATCH
  kpath     POSCAR_NaCl       seekpath  rep5  wall=0.412s rss=80MB ok
  kpath     POSCAR_NaCl       pymatgen  rep5  wall=0.987s rss=131MB MISMATCH
  kpath     POSCAR_NaCl       seekpath  rep6  wall=0.398s rss=80MB ok
  kpath     POSCAR_NaCl       pymatgen  rep6  wall=0.980s rss=130MB MISMATCH
  kpath     POSCAR_NaCl       ase       rep6  wall=0.388s rss=81MB MISMATCH
  kpath     POSCAR_NaCl       olla-dft  rep6  wall=0.537s rss=97MB ok
  kpath     POSCAR_NaCl       seekpath  rep7  wall=0.416s rss=80MB ok
  kpath     POSCAR_NaCl       pymatgen  rep7  wall=0.965s rss=130MB MISMATCH
  kpath     POSCAR_NaCl       olla-dft  rep7  wall=0.545s rss=97MB ok
  kpath     POSCAR_NaCl       ase       rep7  wall=0.385s rss=81MB MISMATCH
  kpath     POSCAR_NaCl       olla-dft  rep8  wall=0.522s rss=97MB ok
  kpath     POSCAR_NaCl       seekpath  rep8  wall=0.411s rss=80MB ok
  kpath     POSCAR_NaCl       pymatgen  rep8  wall=0.962s rss=131MB MISMATCH
  kpath     POSCAR_NaCl       ase       rep8  wall=0.394s rss=81MB MISMATCH
  kpath     POSCAR_NaCl       ase       rep9  wall=0.389s rss=81MB MISMATCH
  kpath     POSCAR_NaCl       seekpath  rep9  wall=0.402s rss=80MB ok
  kpath     POSCAR_NaCl       olla-dft  rep9  wall=0.535s rss=97MB ok
  kpath     POSCAR_NaCl       pymatgen  rep9  wall=0.967s rss=131MB MISMATCH
  kpath     POSCAR_NaCl       seekpath  rep10 wall=0.419s rss=81MB ok
  kpath     POSCAR_NaCl       pymatgen  rep10 wall=0.984s rss=131MB MISMATCH
  kpath     POSCAR_NaCl       olla-dft  rep10 wall=0.539s rss=97MB ok
  kpath     POSCAR_NaCl       ase       rep10 wall=0.387s rss=81MB MISMATCH
  kpath     POSCAR_NaCl       pymatgen  rep11 wall=0.962s rss=131MB MISMATCH
  kpath     POSCAR_NaCl       olla-dft  rep11 wall=0.524s rss=97MB ok
  kpath     POSCAR_NaCl       ase       rep11 wall=0.380s rss=81MB MISMATCH
  kpath     POSCAR_NaCl       seekpath  rep11 wall=0.416s rss=80MB ok
  kpath     POSCAR_NaCl       pymatgen  rep12 wall=0.972s rss=131MB MISMATCH
  kpath     POSCAR_NaCl       seekpath  rep12 wall=0.405s rss=80MB ok
  kpath     POSCAR_NaCl       olla-dft  rep12 wall=0.527s rss=97MB ok
  kpath     POSCAR_NaCl       ase       rep12 wall=0.380s rss=81MB MISMATCH
  kpath     POSCAR_NaCl       seekpath  rep13 wall=0.414s rss=80MB ok
  kpath     POSCAR_NaCl       pymatgen  rep13 wall=0.965s rss=130MB MISMATCH
  kpath     POSCAR_NaCl       ase       rep13 wall=0.389s rss=81MB MISMATCH
  kpath     POSCAR_NaCl       olla-dft  rep13 wall=0.528s rss=97MB ok
  kpath     POSCAR_NaCl       olla-dft  rep14 wall=0.525s rss=97MB ok
  kpath     POSCAR_NaCl       seekpath  rep14 wall=0.416s rss=80MB ok
  kpath     POSCAR_NaCl       pymatgen  rep14 wall=0.979s rss=131MB MISMATCH
  kpath     POSCAR_NaCl       ase       rep14 wall=0.386s rss=81MB MISMATCH
  eos       EOS.dat           olla-dft  warm  wall=0.445s rss=91MB ok
  eos       EOS.dat           ase       warm  wall=0.319s rss=78MB ok
  eos       EOS.dat           pymatgen  warm  wall=0.816s rss=112MB ok
  eos       EOS.dat           ase       rep0  wall=0.331s rss=78MB ok
  eos       EOS.dat           olla-dft  rep0  wall=0.779s rss=91MB ok
  eos       EOS.dat           pymatgen  rep0  wall=0.755s rss=112MB ok
  eos       EOS.dat           ase       rep1  wall=0.377s rss=78MB ok
  eos       EOS.dat           pymatgen  rep1  wall=0.680s rss=112MB ok
  eos       EOS.dat           olla-dft  rep1  wall=0.449s rss=91MB ok
  eos       EOS.dat           ase       rep2  wall=0.382s rss=78MB ok
  eos       EOS.dat           pymatgen  rep2  wall=0.695s rss=112MB ok
  eos       EOS.dat           olla-dft  rep2  wall=0.442s rss=92MB ok
  eos       EOS.dat           pymatgen  rep3  wall=0.669s rss=112MB ok
  eos       EOS.dat           olla-dft  rep3  wall=0.449s rss=92MB ok
  eos       EOS.dat           ase       rep3  wall=0.372s rss=78MB ok
  eos       EOS.dat           olla-dft  rep4  wall=0.449s rss=91MB ok
  eos       EOS.dat           ase       rep4  wall=0.377s rss=78MB ok
  eos       EOS.dat           pymatgen  rep4  wall=0.670s rss=112MB ok
  eos       EOS.dat           pymatgen  rep5  wall=0.686s rss=112MB ok
  eos       EOS.dat           ase       rep5  wall=0.375s rss=78MB ok
  eos       EOS.dat           olla-dft  rep5  wall=0.435s rss=91MB ok
  eos       EOS.dat           ase       rep6  wall=0.385s rss=78MB ok
  eos       EOS.dat           pymatgen  rep6  wall=0.685s rss=112MB ok
  eos       EOS.dat           olla-dft  rep6  wall=0.446s rss=91MB ok
  eos       EOS.dat           olla-dft  rep7  wall=0.458s rss=92MB ok
  eos       EOS.dat           ase       rep7  wall=0.373s rss=78MB ok
  eos       EOS.dat           pymatgen  rep7  wall=0.694s rss=112MB ok
  eos       EOS.dat           olla-dft  rep8  wall=0.440s rss=91MB ok
  eos       EOS.dat           pymatgen  rep8  wall=0.672s rss=112MB ok
  eos       EOS.dat           ase       rep8  wall=0.379s rss=78MB ok
  eos       EOS.dat           pymatgen  rep9  wall=0.681s rss=112MB ok
  eos       EOS.dat           ase       rep9  wall=0.381s rss=78MB ok
  eos       EOS.dat           olla-dft  rep9  wall=0.442s rss=92MB ok
  eos       EOS.dat           ase       rep10 wall=0.387s rss=78MB ok
  eos       EOS.dat           pymatgen  rep10 wall=0.695s rss=112MB ok
  eos       EOS.dat           olla-dft  rep10 wall=0.444s rss=92MB ok
  eos       EOS.dat           pymatgen  rep11 wall=0.689s rss=112MB ok
  eos       EOS.dat           ase       rep11 wall=0.372s rss=78MB ok
  eos       EOS.dat           olla-dft  rep11 wall=0.455s rss=92MB ok
  eos       EOS.dat           pymatgen  rep12 wall=0.726s rss=112MB ok
  eos       EOS.dat           ase       rep12 wall=0.402s rss=78MB ok
  eos       EOS.dat           olla-dft  rep12 wall=0.457s rss=91MB ok
  eos       EOS.dat           olla-dft  rep13 wall=0.457s rss=91MB ok
  eos       EOS.dat           ase       rep13 wall=0.378s rss=79MB ok
  eos       EOS.dat           pymatgen  rep13 wall=0.677s rss=112MB ok
  eos       EOS.dat           olla-dft  rep14 wall=0.474s rss=92MB ok
  eos       EOS.dat           ase       rep14 wall=0.414s rss=78MB ok
  eos       EOS.dat           pymatgen  rep14 wall=0.722s rss=112MB ok
  bandgap   Si_scf.xml        olla-dft  warm  wall=0.249s rss=52MB ok
  bandgap   Si_scf.xml        qeschema  warm  wall=0.431s rss=48MB ok
  bandgap   Si_scf.xml        ase       warm  wall=0.495s rss=78MB n/a
  bandgap   Si_scf.xml        pymatgen  warm  wall=0.157s rss=40MB n/a
  bandgap   Si_scf.xml        qeschema  rep0  wall=0.499s rss=48MB ok
  bandgap   Si_scf.xml        olla-dft  rep0  wall=0.241s rss=52MB ok
  bandgap   Si_scf.xml        ase       rep0  wall=0.381s rss=78MB n/a
  bandgap   Si_scf.xml        pymatgen  rep0  wall=0.144s rss=40MB n/a
  bandgap   Si_scf.xml        pymatgen  rep1  wall=0.141s rss=40MB n/a
  bandgap   Si_scf.xml        olla-dft  rep1  wall=0.239s rss=51MB ok
  bandgap   Si_scf.xml        ase       rep1  wall=0.374s rss=78MB n/a
  bandgap   Si_scf.xml        qeschema  rep1  wall=0.482s rss=48MB ok
  bandgap   Si_scf.xml        ase       rep2  wall=0.376s rss=78MB n/a
  bandgap   Si_scf.xml        qeschema  rep2  wall=0.470s rss=48MB ok
  bandgap   Si_scf.xml        olla-dft  rep2  wall=0.245s rss=51MB ok
  bandgap   Si_scf.xml        pymatgen  rep2  wall=0.149s rss=40MB n/a
  bandgap   Si_scf.xml        ase       rep3  wall=0.391s rss=78MB n/a
  bandgap   Si_scf.xml        pymatgen  rep3  wall=0.153s rss=40MB n/a
  bandgap   Si_scf.xml        olla-dft  rep3  wall=0.249s rss=51MB ok
  bandgap   Si_scf.xml        qeschema  rep3  wall=0.496s rss=48MB ok
  bandgap   Si_scf.xml        olla-dft  rep4  wall=0.246s rss=51MB ok
  bandgap   Si_scf.xml        pymatgen  rep4  wall=0.145s rss=40MB n/a
  bandgap   Si_scf.xml        ase       rep4  wall=0.378s rss=78MB n/a
  bandgap   Si_scf.xml        qeschema  rep4  wall=0.482s rss=48MB ok
  bandgap   Si_scf.xml        olla-dft  rep5  wall=0.243s rss=51MB ok
  bandgap   Si_scf.xml        qeschema  rep5  wall=0.477s rss=48MB ok
  bandgap   Si_scf.xml        ase       rep5  wall=0.375s rss=78MB n/a
  bandgap   Si_scf.xml        pymatgen  rep5  wall=0.148s rss=40MB n/a
  bandgap   Si_scf.xml        ase       rep6  wall=0.378s rss=78MB n/a
  bandgap   Si_scf.xml        pymatgen  rep6  wall=0.142s rss=40MB n/a
  bandgap   Si_scf.xml        qeschema  rep6  wall=0.542s rss=48MB ok
  bandgap   Si_scf.xml        olla-dft  rep6  wall=0.258s rss=51MB ok
  bandgap   Si_scf.xml        pymatgen  rep7  wall=0.147s rss=40MB n/a
  bandgap   Si_scf.xml        ase       rep7  wall=0.384s rss=78MB n/a
  bandgap   Si_scf.xml        olla-dft  rep7  wall=0.239s rss=51MB ok
  bandgap   Si_scf.xml        qeschema  rep7  wall=0.492s rss=48MB ok
  bandgap   Si_scf.xml        olla-dft  rep8  wall=0.240s rss=51MB ok
  bandgap   Si_scf.xml        pymatgen  rep8  wall=0.142s rss=40MB n/a
  bandgap   Si_scf.xml        ase       rep8  wall=0.390s rss=78MB n/a
  bandgap   Si_scf.xml        qeschema  rep8  wall=0.480s rss=48MB ok
  bandgap   Si_scf.xml        qeschema  rep9  wall=0.469s rss=48MB ok
  bandgap   Si_scf.xml        pymatgen  rep9  wall=0.140s rss=40MB n/a
  bandgap   Si_scf.xml        olla-dft  rep9  wall=0.246s rss=51MB ok
  bandgap   Si_scf.xml        ase       rep9  wall=0.373s rss=78MB n/a
  bandgap   Si_scf.xml        qeschema  rep10 wall=0.479s rss=48MB ok
  bandgap   Si_scf.xml        pymatgen  rep10 wall=0.150s rss=40MB n/a
  bandgap   Si_scf.xml        olla-dft  rep10 wall=0.246s rss=51MB ok
  bandgap   Si_scf.xml        ase       rep10 wall=0.374s rss=78MB n/a
  bandgap   Si_scf.xml        qeschema  rep11 wall=0.502s rss=48MB ok
  bandgap   Si_scf.xml        ase       rep11 wall=0.394s rss=78MB n/a
  bandgap   Si_scf.xml        olla-dft  rep11 wall=0.252s rss=51MB ok
  bandgap   Si_scf.xml        pymatgen  rep11 wall=0.157s rss=40MB n/a
  bandgap   Si_scf.xml        pymatgen  rep12 wall=0.151s rss=40MB n/a
  bandgap   Si_scf.xml        ase       rep12 wall=0.395s rss=78MB n/a
  bandgap   Si_scf.xml        qeschema  rep12 wall=0.488s rss=48MB ok
  bandgap   Si_scf.xml        olla-dft  rep12 wall=0.242s rss=51MB ok
  bandgap   Si_scf.xml        pymatgen  rep13 wall=0.141s rss=40MB n/a
  bandgap   Si_scf.xml        olla-dft  rep13 wall=0.241s rss=51MB ok
  bandgap   Si_scf.xml        qeschema  rep13 wall=0.499s rss=48MB ok
  bandgap   Si_scf.xml        ase       rep13 wall=0.372s rss=78MB n/a
  bandgap   Si_scf.xml        pymatgen  rep14 wall=0.140s rss=40MB n/a
  bandgap   Si_scf.xml        olla-dft  rep14 wall=0.251s rss=51MB ok
  bandgap   Si_scf.xml        qeschema  rep14 wall=0.479s rss=48MB ok
  bandgap   Si_scf.xml        ase       rep14 wall=0.375s rss=78MB n/a
  bandgap   Si_scf.out        olla-dft  warm  wall=0.025s rss=19MB n/a
  bandgap   Si_scf.out        qeschema  warm  wall=0.075s rss=25MB n/a
  bandgap   Si_scf.out        ase       warm  wall=0.381s rss=78MB ok
  bandgap   Si_scf.out        pymatgen  warm  wall=0.141s rss=40MB n/a
  bandgap   Si_scf.out        ase       rep0  wall=0.378s rss=78MB ok
  bandgap   Si_scf.out        pymatgen  rep0  wall=0.148s rss=40MB n/a
  bandgap   Si_scf.out        qeschema  rep0  wall=0.074s rss=25MB n/a
  bandgap   Si_scf.out        olla-dft  rep0  wall=0.024s rss=19MB n/a
  bandgap   Si_scf.out        qeschema  rep1  wall=0.071s rss=25MB n/a
  bandgap   Si_scf.out        pymatgen  rep1  wall=0.146s rss=40MB n/a
  bandgap   Si_scf.out        ase       rep1  wall=0.376s rss=78MB ok
  bandgap   Si_scf.out        olla-dft  rep1  wall=0.025s rss=19MB n/a
  bandgap   Si_scf.out        olla-dft  rep2  wall=0.024s rss=19MB n/a
  bandgap   Si_scf.out        pymatgen  rep2  wall=0.141s rss=40MB n/a
  bandgap   Si_scf.out        qeschema  rep2  wall=0.070s rss=25MB n/a
  bandgap   Si_scf.out        ase       rep2  wall=0.397s rss=78MB ok
  bandgap   Si_scf.out        pymatgen  rep3  wall=0.144s rss=40MB n/a
  bandgap   Si_scf.out        ase       rep3  wall=0.382s rss=78MB ok
  bandgap   Si_scf.out        qeschema  rep3  wall=0.070s rss=25MB n/a
  bandgap   Si_scf.out        olla-dft  rep3  wall=0.024s rss=19MB n/a
  bandgap   Si_scf.out        olla-dft  rep4  wall=0.023s rss=19MB n/a
  bandgap   Si_scf.out        qeschema  rep4  wall=0.070s rss=25MB n/a
  bandgap   Si_scf.out        pymatgen  rep4  wall=0.149s rss=40MB n/a
  bandgap   Si_scf.out        ase       rep4  wall=0.380s rss=78MB ok
  bandgap   Si_scf.out        ase       rep5  wall=0.376s rss=78MB ok
  bandgap   Si_scf.out        olla-dft  rep5  wall=0.023s rss=19MB n/a
  bandgap   Si_scf.out        pymatgen  rep5  wall=0.145s rss=40MB n/a
  bandgap   Si_scf.out        qeschema  rep5  wall=0.077s rss=25MB n/a
  bandgap   Si_scf.out        pymatgen  rep6  wall=0.151s rss=40MB n/a
  bandgap   Si_scf.out        qeschema  rep6  wall=0.070s rss=25MB n/a
  bandgap   Si_scf.out        olla-dft  rep6  wall=0.025s rss=19MB n/a
  bandgap   Si_scf.out        ase       rep6  wall=0.391s rss=78MB ok
  bandgap   Si_scf.out        olla-dft  rep7  wall=0.024s rss=19MB n/a
  bandgap   Si_scf.out        pymatgen  rep7  wall=0.141s rss=40MB n/a
  bandgap   Si_scf.out        ase       rep7  wall=0.390s rss=78MB ok
  bandgap   Si_scf.out        qeschema  rep7  wall=0.070s rss=25MB n/a
  bandgap   Si_scf.out        qeschema  rep8  wall=0.077s rss=25MB n/a
  bandgap   Si_scf.out        olla-dft  rep8  wall=0.025s rss=19MB n/a
  bandgap   Si_scf.out        pymatgen  rep8  wall=0.150s rss=40MB n/a
  bandgap   Si_scf.out        ase       rep8  wall=0.392s rss=78MB ok
  bandgap   Si_scf.out        ase       rep9  wall=0.390s rss=78MB ok
  bandgap   Si_scf.out        qeschema  rep9  wall=0.069s rss=25MB n/a
  bandgap   Si_scf.out        pymatgen  rep9  wall=0.142s rss=40MB n/a
  bandgap   Si_scf.out        olla-dft  rep9  wall=0.024s rss=19MB n/a
  bandgap   Si_scf.out        olla-dft  rep10 wall=0.024s rss=19MB n/a
  bandgap   Si_scf.out        qeschema  rep10 wall=0.069s rss=25MB n/a
  bandgap   Si_scf.out        pymatgen  rep10 wall=0.141s rss=40MB n/a
  bandgap   Si_scf.out        ase       rep10 wall=0.393s rss=78MB ok
  bandgap   Si_scf.out        pymatgen  rep11 wall=0.145s rss=40MB n/a
  bandgap   Si_scf.out        qeschema  rep11 wall=0.069s rss=25MB n/a
  bandgap   Si_scf.out        ase       rep11 wall=0.383s rss=78MB ok
  bandgap   Si_scf.out        olla-dft  rep11 wall=0.024s rss=19MB n/a
  bandgap   Si_scf.out        ase       rep12 wall=0.391s rss=78MB ok
  bandgap   Si_scf.out        olla-dft  rep12 wall=0.024s rss=19MB n/a
  bandgap   Si_scf.out        pymatgen  rep12 wall=0.147s rss=40MB n/a
  bandgap   Si_scf.out        qeschema  rep12 wall=0.075s rss=25MB n/a
  bandgap   Si_scf.out        ase       rep13 wall=0.386s rss=78MB ok
  bandgap   Si_scf.out        olla-dft  rep13 wall=0.024s rss=19MB n/a
  bandgap   Si_scf.out        pymatgen  rep13 wall=0.141s rss=40MB n/a
  bandgap   Si_scf.out        qeschema  rep13 wall=0.069s rss=25MB n/a
  bandgap   Si_scf.out        qeschema  rep14 wall=0.070s rss=25MB n/a
  bandgap   Si_scf.out        ase       rep14 wall=0.388s rss=78MB ok
  bandgap   Si_scf.out        olla-dft  rep14 wall=0.024s rss=19MB n/a
  bandgap   Si_scf.out        pymatgen  rep14 wall=0.143s rss=40MB n/a
  inputgen  Si_relajado.cif   olla-dft  warm  wall=0.537s rss=99MB ok
  inputgen  Si_relajado.cif   ase       warm  wall=0.386s rss=79MB ok
  inputgen  Si_relajado.cif   pymatgen  warm  wall=0.360s rss=77MB ok
  inputgen  Si_relajado.cif   ase       rep0  wall=0.385s rss=79MB ok
  inputgen  Si_relajado.cif   olla-dft  rep0  wall=0.540s rss=99MB ok
  inputgen  Si_relajado.cif   pymatgen  rep0  wall=0.354s rss=77MB ok
  inputgen  Si_relajado.cif   ase       rep1  wall=0.382s rss=79MB ok
  inputgen  Si_relajado.cif   pymatgen  rep1  wall=0.355s rss=77MB ok
  inputgen  Si_relajado.cif   olla-dft  rep1  wall=0.527s rss=99MB ok
  inputgen  Si_relajado.cif   pymatgen  rep2  wall=0.355s rss=77MB ok
  inputgen  Si_relajado.cif   ase       rep2  wall=0.382s rss=79MB ok
  inputgen  Si_relajado.cif   olla-dft  rep2  wall=0.520s rss=98MB ok
  inputgen  Si_relajado.cif   ase       rep3  wall=0.463s rss=79MB ok
  inputgen  Si_relajado.cif   olla-dft  rep3  wall=0.532s rss=99MB ok
  inputgen  Si_relajado.cif   pymatgen  rep3  wall=0.366s rss=77MB ok
  inputgen  Si_relajado.cif   olla-dft  rep4  wall=0.519s rss=99MB ok
  inputgen  Si_relajado.cif   ase       rep4  wall=0.392s rss=79MB ok
  inputgen  Si_relajado.cif   pymatgen  rep4  wall=0.354s rss=77MB ok
  inputgen  Si_relajado.cif   ase       rep5  wall=0.383s rss=79MB ok
  inputgen  Si_relajado.cif   olla-dft  rep5  wall=0.530s rss=98MB ok
  inputgen  Si_relajado.cif   pymatgen  rep5  wall=0.363s rss=77MB ok
  inputgen  Si_relajado.cif   pymatgen  rep6  wall=0.356s rss=77MB ok
  inputgen  Si_relajado.cif   ase       rep6  wall=0.384s rss=79MB ok
  inputgen  Si_relajado.cif   olla-dft  rep6  wall=0.533s rss=98MB ok
  inputgen  Si_relajado.cif   olla-dft  rep7  wall=0.552s rss=99MB ok
  inputgen  Si_relajado.cif   ase       rep7  wall=0.389s rss=79MB ok
  inputgen  Si_relajado.cif   pymatgen  rep7  wall=0.354s rss=77MB ok
  inputgen  Si_relajado.cif   pymatgen  rep8  wall=0.373s rss=77MB ok
  inputgen  Si_relajado.cif   olla-dft  rep8  wall=0.545s rss=99MB ok
  inputgen  Si_relajado.cif   ase       rep8  wall=0.385s rss=79MB ok
  inputgen  Si_relajado.cif   ase       rep9  wall=0.412s rss=79MB ok
  inputgen  Si_relajado.cif   olla-dft  rep9  wall=0.546s rss=99MB ok
  inputgen  Si_relajado.cif   pymatgen  rep9  wall=0.393s rss=77MB ok
  inputgen  Si_relajado.cif   olla-dft  rep10 wall=0.536s rss=99MB ok
  inputgen  Si_relajado.cif   pymatgen  rep10 wall=0.383s rss=77MB ok
  inputgen  Si_relajado.cif   ase       rep10 wall=0.384s rss=80MB ok
  inputgen  Si_relajado.cif   ase       rep11 wall=0.387s rss=79MB ok
  inputgen  Si_relajado.cif   pymatgen  rep11 wall=0.355s rss=77MB ok
  inputgen  Si_relajado.cif   olla-dft  rep11 wall=0.530s rss=99MB ok
  inputgen  Si_relajado.cif   olla-dft  rep12 wall=0.519s rss=98MB ok
  inputgen  Si_relajado.cif   ase       rep12 wall=0.390s rss=79MB ok
  inputgen  Si_relajado.cif   pymatgen  rep12 wall=0.360s rss=77MB ok
  inputgen  Si_relajado.cif   ase       rep13 wall=0.385s rss=80MB ok
  inputgen  Si_relajado.cif   pymatgen  rep13 wall=0.355s rss=77MB ok
  inputgen  Si_relajado.cif   olla-dft  rep13 wall=0.529s rss=98MB ok
  inputgen  Si_relajado.cif   pymatgen  rep14 wall=0.354s rss=77MB ok
  inputgen  Si_relajado.cif   ase       rep14 wall=0.403s rss=79MB ok
  inputgen  Si_relajado.cif   olla-dft  rep14 wall=0.662s rss=98MB ok
  inputgen  ZnO.cif           olla-dft  warm  wall=0.571s rss=98MB ok
  inputgen  ZnO.cif           ase       warm  wall=0.414s rss=79MB ok
  inputgen  ZnO.cif           pymatgen  warm  wall=0.399s rss=77MB ok
  inputgen  ZnO.cif           ase       rep0  wall=0.424s rss=79MB ok
  inputgen  ZnO.cif           olla-dft  rep0  wall=0.679s rss=98MB ok
  inputgen  ZnO.cif           pymatgen  rep0  wall=0.693s rss=77MB ok
  inputgen  ZnO.cif           olla-dft  rep1  wall=0.840s rss=98MB ok
  inputgen  ZnO.cif           pymatgen  rep1  wall=0.829s rss=77MB ok
  inputgen  ZnO.cif           ase       rep1  wall=0.481s rss=79MB ok
  inputgen  ZnO.cif           ase       rep2  wall=0.487s rss=79MB ok
  inputgen  ZnO.cif           pymatgen  rep2  wall=0.431s rss=78MB ok
  inputgen  ZnO.cif           olla-dft  rep2  wall=0.652s rss=98MB ok
  inputgen  ZnO.cif           ase       rep3  wall=0.473s rss=79MB ok
  inputgen  ZnO.cif           olla-dft  rep3  wall=0.642s rss=98MB ok
  inputgen  ZnO.cif           pymatgen  rep3  wall=0.434s rss=77MB ok
  inputgen  ZnO.cif           ase       rep4  wall=0.477s rss=80MB ok
  inputgen  ZnO.cif           pymatgen  rep4  wall=0.430s rss=77MB ok
  inputgen  ZnO.cif           olla-dft  rep4  wall=0.649s rss=98MB ok
  inputgen  ZnO.cif           pymatgen  rep5  wall=0.470s rss=77MB ok
  inputgen  ZnO.cif           olla-dft  rep5  wall=0.658s rss=98MB ok
  inputgen  ZnO.cif           ase       rep5  wall=0.460s rss=79MB ok
  inputgen  ZnO.cif           ase       rep6  wall=0.469s rss=79MB ok
  inputgen  ZnO.cif           pymatgen  rep6  wall=0.440s rss=77MB ok
  inputgen  ZnO.cif           olla-dft  rep6  wall=0.650s rss=98MB ok
  inputgen  ZnO.cif           olla-dft  rep7  wall=0.659s rss=98MB ok
  inputgen  ZnO.cif           pymatgen  rep7  wall=0.437s rss=77MB ok
  inputgen  ZnO.cif           ase       rep7  wall=0.472s rss=79MB ok
  inputgen  ZnO.cif           ase       rep8  wall=0.460s rss=79MB ok
  inputgen  ZnO.cif           pymatgen  rep8  wall=0.437s rss=77MB ok
  inputgen  ZnO.cif           olla-dft  rep8  wall=0.643s rss=98MB ok
  inputgen  ZnO.cif           ase       rep9  wall=0.489s rss=79MB ok
  inputgen  ZnO.cif           olla-dft  rep9  wall=0.657s rss=98MB ok
  inputgen  ZnO.cif           pymatgen  rep9  wall=0.426s rss=77MB ok
  inputgen  ZnO.cif           ase       rep10 wall=0.478s rss=79MB ok
  inputgen  ZnO.cif           olla-dft  rep10 wall=0.717s rss=98MB ok
  inputgen  ZnO.cif           pymatgen  rep10 wall=0.440s rss=77MB ok
  inputgen  ZnO.cif           ase       rep11 wall=0.475s rss=79MB ok
  inputgen  ZnO.cif           pymatgen  rep11 wall=0.429s rss=77MB ok
  inputgen  ZnO.cif           olla-dft  rep11 wall=0.648s rss=98MB ok
  inputgen  ZnO.cif           ase       rep12 wall=0.462s rss=79MB ok
  inputgen  ZnO.cif           olla-dft  rep12 wall=0.655s rss=98MB ok
  inputgen  ZnO.cif           pymatgen  rep12 wall=0.431s rss=77MB ok
  inputgen  ZnO.cif           ase       rep13 wall=0.471s rss=79MB ok
  inputgen  ZnO.cif           pymatgen  rep13 wall=0.431s rss=77MB ok
  inputgen  ZnO.cif           olla-dft  rep13 wall=0.647s rss=98MB ok
  inputgen  ZnO.cif           olla-dft  rep14 wall=0.633s rss=98MB ok
  inputgen  ZnO.cif           pymatgen  rep14 wall=0.441s rss=77MB ok
  inputgen  ZnO.cif           ase       rep14 wall=0.489s rss=79MB ok
end-to-end: running pw.x 5x on each tool's Si input
  pymatgen  rep0 E=None Ry  iters=None  nk=None  pw.x 0.06s
  olla-dft  rep0 E=None Ry  iters=None  nk=None  pw.x 0.05s
  ase       rep0 E=None Ry  iters=None  nk=None  pw.x 0.05s
  ase       rep1 E=None Ry  iters=None  nk=None  pw.x 0.05s
  pymatgen  rep1 E=None Ry  iters=None  nk=None  pw.x 0.04s
  olla-dft  rep1 E=None Ry  iters=None  nk=None  pw.x 0.05s
  pymatgen  rep2 E=None Ry  iters=None  nk=None  pw.x 0.05s
  ase       rep2 E=None Ry  iters=None  nk=None  pw.x 0.04s
  olla-dft  rep2 E=None Ry  iters=None  nk=None  pw.x 0.05s
  olla-dft  rep3 E=None Ry  iters=None  nk=None  pw.x 0.05s
  pymatgen  rep3 E=None Ry  iters=None  nk=None  pw.x 0.04s
  ase       rep3 E=None Ry  iters=None  nk=None  pw.x 0.05s
  ase       rep4 E=None Ry  iters=None  nk=None  pw.x 0.05s
  olla-dft  rep4 E=None Ry  iters=None  nk=None  pw.x 0.05s
  pymatgen  rep4 E=None Ry  iters=None  nk=None  pw.x 0.05s

written /home/jorge/GITHUB/olla-dft-bench/results/20260904-143453/results.json, report.md; dashboard docs/index.html
